// Jest Snapshot v1, https://goo.gl/fbAQLP

exports[`UnlockWalletScreen should render correctly 1`] = `
<RNCSafeAreaView
  style={
    Object {
      "backgroundColor": "#18181B",
      "flex": 1,
    }
  }
  testID="unlockWalletScreen"
>
  <Box
    justifyContent="center"
    row={true}
  >
    <Styled(Image)
      resizeMode="contain"
      source={
        Object {
          "testUri": "../../../src/assets/splash-logo.png",
        }
      }
      style={
        Object {
          "width": "57%",
        }
      }
    />
  </Box>
  <Styled(ScrollView)
    marginLeft={26}
    marginRight={26}
  >
    <PasscodeMask
      digits={6}
      filled={0}
      marginTop={20}
    />
    <Box
      alignItems="center"
    >
      <Styled(Component)
        marginTop={52}
        variant="h2"
      >
        Enter your passcode
      </Styled(Component)>
    </Box>
    <NumericKeyboard
      marginTop={50}
    />
    <Box
      alignItems="center"
      marginBottom={20}
    >
      <Styled(Component)
        variant="description"
      >
        Login with biometrics
      </Styled(Component)>
    </Box>
    <BuildIdentifier />
    <Modal>
      <Memo(ForwardRef(Stack))
        alignItems="center"
        m={5}
        p={5}
      >
        <Styled(Component)
          variant="h2"
        >
          App locked
        </Styled(Component)>
        <Styled(Component)
          variant="h4"
        >
          Please try again later
        </Styled(Component)>
        <Memo(ForwardRef(Stack))
          mt={4}
        >
          <Button>
            Close app
          </Button>
        </Memo(ForwardRef(Stack))>
      </Memo(ForwardRef(Stack))>
    </Modal>
  </Styled(ScrollView)>
</RNCSafeAreaView>
`;
