// Jest Snapshot v1, https://goo.gl/fbAQLP

exports[`PasswordInputScreen should render correctly 1`] = `
<RNCSafeAreaView
  style={
    Object {
      "backgroundColor": "#18181B",
      "flex": 1,
    }
  }
  testID="create-wallet-screen"
>
  <AppGlobalHeader />
  <Styled(View)>
    <BackButton />
  </Styled(View)>
  <Styled(ScrollView)
    marginLeft={26}
    marginRight={26}
  >
    <Styled(Component)
      marginTop={52}
      variant="h1"
    >
      Enter password
    </Styled(Component)>
    <Memo(ForwardRef(Box))
      mt={7}
    >
      <Memo(ForwardRef(Input))
        autoCapitalize="none"
        placeholder="Password"
        secureTextEntry={true}
        value="test"
      />
    </Memo(ForwardRef(Box))>
    <InputError
      form={
        Object {
          "password": "test",
        }
      }
      id="password"
    />
  </Styled(ScrollView)>
  <Styled(Box)
    marginBottom={10}
    marginLeft={26}
    marginRight={26}
  >
    <LoadingButton
      full={true}
      testID="next-btn"
    >
      Next
    </LoadingButton>
  </Styled(Box)>
</RNCSafeAreaView>
`;
