// Jest Snapshot v1, https://goo.gl/fbAQLP

exports[`CreateWalletScreen should render correctly 1`] = `
<RNCSafeAreaView
  style={
    Object {
      "backgroundColor": "#18181B",
      "flex": 1,
    }
  }
  testID="createWalletScreen"
>
  <Styled(View) />
  <Styled(ScrollView)>
    <Box
      flex={1}
      justifyContent="center"
      marginTop="50%"
      row={true}
    >
      <Styled(Image)
        resizeMode="contain"
        source={
          Object {
            "testUri": "../../../src/assets/splash-logo.png",
          }
        }
        style={
          Object {
            "width": "57%",
          }
        }
      />
    </Box>
  </Styled(ScrollView)>
  <Styled(Box)
    marginBottom={10}
    marginLeft={26}
    marginRight={26}
  >
    <LoadingButton
      accessibilityLabel="createWalletButton"
      full={true}
      onPress={[Function]}
      testID="createWalletButton"
    >
      Create a new wallet
    </LoadingButton>
    <LoadingButton
      accessibilityLabel="import_existing"
      full={true}
      mt={4}
      onPress={[Function]}
      testID="import_existing"
      variant="ghost"
    >
      I already have a wallet
    </LoadingButton>
    <BuildIdentifier />
  </Styled(Box)>
</RNCSafeAreaView>
`;
