// Jest Snapshot v1, https://goo.gl/fbAQLP

exports[`ImportWalletScreen should render correctly 1`] = `
<RNCSafeAreaView
  style={
    Object {
      "backgroundColor": "#18181B",
      "flex": 1,
    }
  }
  testID="create-wallet-screen"
>
  <AppGlobalHeader />
  <Styled(View)>
    <BackButton
      accessibilityLabel="BackButton.importWallet"
      testID="BackButton.importWallet"
    />
  </Styled(View)>
  <Styled(ScrollView)
    marginLeft={26}
    marginRight={26}
  >
    <Styled(Component)
      marginTop={52}
      onPress={[Function]}
      variant="h1"
    >
      Import wallet
    </Styled(Component)>
    <Styled(Component)
      marginTop={12}
    >
      If you backed up your wallet previously, you can upload the file to import your wallet.
    </Styled(Component)>
  </Styled(ScrollView)>
  <Styled(Box)
    marginBottom={10}
    marginLeft={26}
    marginRight={26}
  >
    <Button
      accessibilityLabel="importWallet.submitBtn"
      full={true}
      testID="importWallet.submitBtn"
    >
      Import wallet
    </Button>
  </Styled(Box)>
</RNCSafeAreaView>
`;
