// Jest Snapshot v1, https://goo.gl/fbAQLP

exports[`SetupPasscodeScreen should render correctly 1`] = `
<RNCSafeAreaView
  accessibilityID="setupPasscodeScreen"
  style={
    Object {
      "backgroundColor": "#18181B",
      "flex": 1,
    }
  }
  testID="setupPasscodeScreen"
>
  <AppGlobalHeader />
  <Styled(View)>
    <BackButton
      accessibilityID="BackButton"
      testID="BackButton"
    />
  </Styled(View)>
  <Styled(ScrollView)
    marginLeft={26}
    marginRight={26}
  >
    <Styled(Component)
      marginTop={52}
      variant="h1"
    >
      Setup Passcode
    </Styled(Component)>
    <Styled(Component)
      marginTop={12}
    >
      Add a passcode to keep your wallet safe
    </Styled(Component)>
  </Styled(ScrollView)>
  <Styled(Box)
    marginBottom={114}
    marginLeft={26}
    marginRight={26}
  >
    <Button
      accessibilityLabel="create-wallet-btn"
      full={true}
      icon={<SvgFile />}
      onPress={[Function]}
      testID="create-wallet-btn"
    >
      Setup Passcode
    </Button>
  </Styled(Box)>
</RNCSafeAreaView>
`;
