// Jest Snapshot v1, https://goo.gl/fbAQLP

exports[`CreateAccountSetupScreen should render correctly 1`] = `
<RNCSafeAreaView
  style={
    Object {
      "backgroundColor": "#18181B",
      "flex": 1,
    }
  }
  testID="createAccountSetupScreen"
>
  <AppGlobalHeader />
  <Styled(View)>
    <BackButton
      testID="createAccountSetupScreen.backBtn"
    />
  </Styled(View)>
  <Styled(ScrollView)
    marginLeft={26}
    marginRight={26}
  >
    <Styled(Component)
      marginTop={52}
      variant="h1"
    >
      Account Name
    </Styled(Component)>
    <Styled(Component)
      f={true}
      marginTop={12}
    >
      This will be used just for easy reference
    </Styled(Component)>
    <Memo(ForwardRef(Box))
      mt={7}
    >
      <Memo(ForwardRef(Input))
        placeholder="Account name"
        testID="createAccountSetupScreen.acountNameInput"
        value="test"
      />
    </Memo(ForwardRef(Box))>
    <AccountAdvancedOptions
      form={
        Object {
          "accountName": "test",
        }
      }
      onChange={
        [MockFunction] {
          "calls": Array [
            Array [
              "accountName",
            ],
          ],
          "results": Array [
            Object {
              "type": "return",
              "value": undefined,
            },
          ],
        }
      }
    />
  </Styled(ScrollView)>
  <Styled(Box)
    marginBottom={10}
    marginLeft={26}
    marginRight={26}
  >
    <LoadingButton
      full={true}
      testID="createAccountSetupScreen.nextBtn"
    >
      Next
    </LoadingButton>
  </Styled(Box)>
</RNCSafeAreaView>
`;
