// Jest Snapshot v1, https://goo.gl/fbAQLP

exports[`GenericPasswordScreen should render correctly 1`] = `
<StyledNativeComponent
  forwardedComponent={
    Object {
      "$$typeof": Symbol(react.forward_ref),
      "attrs": Array [],
      "inlineStyle": InlineStyle {
        "rules": Array [
          "
  background-color: ",
          [Function],
          ";
  flex: 1;
",
        ],
      },
      "render": [Function],
      "shouldForwardProp": undefined,
      "styledComponentId": "StyledNativeComponent",
      "target": Object {
        "$$typeof": Symbol(react.forward_ref),
        "render": [Function],
      },
      "withComponent": [Function],
    }
  }
  forwardedRef={null}
  testID="create-wallet-screen"
>
  <Styled(View)>
    <BackButton />
  </Styled(View)>
  <Styled(ScrollView)
    marginLeft={26}
    marginRight={26}
  >
    <Typography
      color="#fff"
      fontFamily="Montserrat"
      fontSize={24}
      fontWeight="600"
      lineHeight={32}
      marginTop={52}
    />
    <Typography
      fontSize={16}
      fontWeight="400"
      lineHeight={24}
      marginTop={12}
    />
    <Memo(ForwardRef(Box))
      mt={7}
    >
      <Memo(ForwardRef(Input))
        autoCapitalize="none"
        placeholder="Password"
        secureTextEntry={true}
        value="test"
      />
    </Memo(ForwardRef(Box))>
    <Memo(ForwardRef(Box))
      mt={7}
    >
      <Memo(ForwardRef(Input))
        autoCapitalize="none"
        placeholder="Confirm password"
        secureTextEntry={true}
      />
    </Memo(ForwardRef(Box))>
    <Memo(ForwardRef(Stack))
      marginTop={4}
    >
      <Memo(ForwardRef(Stack))
        direction="row"
      >
        <Memo(ForwardRef(createdIcon))
          color="#71717A"
          height={16}
          marginRight={2}
          width={16}
        />
        <Typography>
          Must include 8-12 characters
        </Typography>
      </Memo(ForwardRef(Stack))>
      <Memo(ForwardRef(Stack))
        direction="row"
        marginTop={3}
      >
        <Memo(ForwardRef(createdIcon))
          color="#71717A"
          height={16}
          marginRight={2}
          width={16}
        />
        <Typography>
          Must include digits
        </Typography>
      </Memo(ForwardRef(Stack))>
      <Memo(ForwardRef(Stack))
        direction="row"
        marginTop={3}
      >
        <Memo(ForwardRef(createdIcon))
          color="#71717A"
          height={16}
          marginRight={2}
          width={16}
        />
        <Typography>
          Must include uppercase and lowercase letters
        </Typography>
      </Memo(ForwardRef(Stack))>
    </Memo(ForwardRef(Stack))>
  </Styled(ScrollView)>
  <Styled(Box)
    marginBottom={10}
    marginLeft={26}
    marginRight={26}
  >
    <LoadingButton
      full={true}
      testID="next-btn"
    >
      Next
    </LoadingButton>
  </Styled(Box)>
</StyledNativeComponent>
`;
