// Jest Snapshot v1, https://goo.gl/fbAQLP

exports[`ImportAccountSetupScreen should render correctly 1`] = `
<StyledNativeComponent
  forwardedComponent={
    Object {
      "$$typeof": Symbol(react.forward_ref),
      "attrs": Array [],
      "inlineStyle": InlineStyle {
        "rules": Array [
          "
  background-color: ",
          [Function],
          ";
  flex: 1;
",
        ],
      },
      "render": [Function],
      "shouldForwardProp": undefined,
      "styledComponentId": "StyledNativeComponent",
      "target": Object {
        "$$typeof": Symbol(react.forward_ref),
        "render": [Function],
      },
      "withComponent": [Function],
    }
  }
  forwardedRef={null}
  testID="create-wallet-screen"
>
  <Styled(View)>
    <BackButton />
  </Styled(View)>
  <Styled(ScrollView)
    marginLeft={26}
    marginRight={26}
  >
    <Styled(Component)
      marginTop={52}
      variant="h1"
    >
      Account name
    </Styled(Component)>
    <Memo(ForwardRef(Box))
      mt={7}
    >
      <Memo(ForwardRef(Input))
        autoCapitalize="none"
        placeholder="Account name"
        value="test"
      />
    </Memo(ForwardRef(Box))>
  </Styled(ScrollView)>
  <Styled(Box)
    marginBottom={10}
    marginLeft={26}
    marginRight={26}
  >
    <LoadingButton
      full={true}
      testID="next-btn"
    >
      Next
    </LoadingButton>
  </Styled(Box)>
</StyledNativeComponent>
`;
